warning: unused variable: `r_title2`
   --> src\services\migration_tests.rs:146:9
    |
146 |     let r_title2 = normal...
    |         ^^^^^^^^ help: if this is intentional, prefix it with an underscore: `_r_title2`
    |
    = note: `#[warn(unused_variables)]` (part of `#[warn(unused)]`) on by default

warning: unused variable: `client`
   --> src\services\migration_tests.rs:233:9
    |
233 |     let client = qobuz::Q...
    |         ^^^^^^ help: if this is intentional, prefix it with an underscore: `_client`

warning: unused variable: `client`
   --> src\services\migration_tests.rs:244:9
    |
244 |     let client = tidal::T...
    |         ^^^^^^ help: if this is intentional, prefix it with an underscore: `_client`

warning: unused variable: `client`
   --> src\services\migration_tests.rs:252:9
    |
252 |     let client = spotify:...
    |         ^^^^^^ help: if this is intentional, prefix it with an underscore: `_client`

warning: unused variable: `client`
   --> src\services\migration_tests.rs:259:9
    |
259 |     let client = deezer::...
    |         ^^^^^^ help: if this is intentional, prefix it with an underscore: `_client`

warning: unused variable: `client`
   --> src\services\migration_tests.rs:266:9
    |
266 |     let client = soundclo...
    |         ^^^^^^ help: if this is intentional, prefix it with an underscore: `_client`

warning: `syncify-tauri` (lib test) generated 6 warnings (run `cargo fix --lib -p syncify-tauri --tests` to apply 6 suggestions)
    Finished `test` profile [unoptimized + debuginfo] target(s) in 1.80s
     Running unittests src\lib.rs (target\debug\deps\syncify_tauri_lib-673fc13e595d32dd.exe)

running 71 tests
..............................i........................................
test result: ok. 70 passed; 0 failed; 1 ignored; 0 measured; 0 filtered out; finished in 1.26s

